A,B
a,b
A
A->aa
A->bbbb
A->AB
A->aab
A->Aaaa
B->aab
B->Aaaa
