S,A,B
a,b
S
S->aAB
S->BA
S->AS
S->b
A->BBB
A->a
B->AS
B->b
