S,T
a,b
S
S->ab
S->aTb
S->TS
S->a
T->TS
T->a
T->ab
T->aTb
