T,<aE>,<bF>,<Td>,E,F,a',b',c',d'
a,b,c,d,e
T
T->T<aE>
<aE>->a'E
T->E<bF>
<bF>->b'F
T->c'<Td>
<Td>->Td'
T->e
E->E<bF>
E->c'<Td>
E->e
F->c'<Td>
F->e
a'->a
b'->b
c'->c
d'->d
