A,<aB>,<bC>,<cA>,B,C,a',b',c'
a,b,c,d
A
A->a'<aB>
<aB>->a'B
A->b'<bC>
<bC>->b'C
A->c'<cA>
<cA>->c'A
A->d
B->b'<bC>
B->c'<cA>
B->d
B->a'<aB>
C->c'<cA>
C->d
C->a'<aB>
C->b'<bC>
a'->a
b'->b
c'->c
