S,<AB>,A,<BB>,B,a'
a,b
S
S->a'<AB>
<AB>->AB
S->BA
A->B<BB>
<BB>->BB
A->a
B->AS
B->b
a'->a
